Archive member included to satisfy reference by file (symbol)

c:/program files (x86)/gnu tools arm embedded/5.4 2016q3/bin/../lib/gcc/arm-none-eabi/5.4.1/../../../../arm-none-eabi/lib/armv7e-m\libm.a(lib_a-w_sqrt.o)
                              ..\obj\main.o (sqrt)
c:/program files (x86)/gnu tools arm embedded/5.4 2016q3/bin/../lib/gcc/arm-none-eabi/5.4.1/../../../../arm-none-eabi/lib/armv7e-m\libm.a(lib_a-wf_atan2.o)
                              ..\obj\main.o (atan2f)
c:/program files (x86)/gnu tools arm embedded/5.4 2016q3/bin/../lib/gcc/arm-none-eabi/5.4.1/../../../../arm-none-eabi/lib/armv7e-m\libm.a(lib_a-e_sqrt.o)
                              c:/program files (x86)/gnu tools arm embedded/5.4 2016q3/bin/../lib/gcc/arm-none-eabi/5.4.1/../../../../arm-none-eabi/lib/armv7e-m\libm.a(lib_a-w_sqrt.o) (__ieee754_sqrt)
c:/program files (x86)/gnu tools arm embedded/5.4 2016q3/bin/../lib/gcc/arm-none-eabi/5.4.1/../../../../arm-none-eabi/lib/armv7e-m\libm.a(lib_a-ef_atan2.o)
                              c:/program files (x86)/gnu tools arm embedded/5.4 2016q3/bin/../lib/gcc/arm-none-eabi/5.4.1/../../../../arm-none-eabi/lib/armv7e-m\libm.a(lib_a-wf_atan2.o) (__ieee754_atan2f)
c:/program files (x86)/gnu tools arm embedded/5.4 2016q3/bin/../lib/gcc/arm-none-eabi/5.4.1/../../../../arm-none-eabi/lib/armv7e-m\libm.a(lib_a-s_lib_ver.o)
                              c:/program files (x86)/gnu tools arm embedded/5.4 2016q3/bin/../lib/gcc/arm-none-eabi/5.4.1/../../../../arm-none-eabi/lib/armv7e-m\libm.a(lib_a-w_sqrt.o) (__fdlib_version)
c:/program files (x86)/gnu tools arm embedded/5.4 2016q3/bin/../lib/gcc/arm-none-eabi/5.4.1/../../../../arm-none-eabi/lib/armv7e-m\libm.a(lib_a-s_matherr.o)
                              c:/program files (x86)/gnu tools arm embedded/5.4 2016q3/bin/../lib/gcc/arm-none-eabi/5.4.1/../../../../arm-none-eabi/lib/armv7e-m\libm.a(lib_a-w_sqrt.o) (matherr)
c:/program files (x86)/gnu tools arm embedded/5.4 2016q3/bin/../lib/gcc/arm-none-eabi/5.4.1/../../../../arm-none-eabi/lib/armv7e-m\libm.a(lib_a-sf_atan.o)
                              c:/program files (x86)/gnu tools arm embedded/5.4 2016q3/bin/../lib/gcc/arm-none-eabi/5.4.1/../../../../arm-none-eabi/lib/armv7e-m\libm.a(lib_a-ef_atan2.o) (atanf)
c:/program files (x86)/gnu tools arm embedded/5.4 2016q3/bin/../lib/gcc/arm-none-eabi/5.4.1/../../../../arm-none-eabi/lib/armv7e-m\libm.a(lib_a-sf_fabs.o)
                              c:/program files (x86)/gnu tools arm embedded/5.4 2016q3/bin/../lib/gcc/arm-none-eabi/5.4.1/../../../../arm-none-eabi/lib/armv7e-m\libm.a(lib_a-ef_atan2.o) (fabsf)
c:/program files (x86)/gnu tools arm embedded/5.4 2016q3/bin/../lib/gcc/arm-none-eabi/5.4.1/armv7e-m\libgcc.a(_arm_addsubdf3.o)
                              ..\obj\main.o (__aeabi_dsub)
c:/program files (x86)/gnu tools arm embedded/5.4 2016q3/bin/../lib/gcc/arm-none-eabi/5.4.1/armv7e-m\libgcc.a(_arm_muldivdf3.o)
                              ..\obj\main.o (__aeabi_dmul)
c:/program files (x86)/gnu tools arm embedded/5.4 2016q3/bin/../lib/gcc/arm-none-eabi/5.4.1/armv7e-m\libgcc.a(_arm_cmpdf2.o)
                              c:/program files (x86)/gnu tools arm embedded/5.4 2016q3/bin/../lib/gcc/arm-none-eabi/5.4.1/../../../../arm-none-eabi/lib/armv7e-m\libm.a(lib_a-w_sqrt.o) (__aeabi_dcmplt)
c:/program files (x86)/gnu tools arm embedded/5.4 2016q3/bin/../lib/gcc/arm-none-eabi/5.4.1/armv7e-m\libgcc.a(_arm_unorddf2.o)
                              c:/program files (x86)/gnu tools arm embedded/5.4 2016q3/bin/../lib/gcc/arm-none-eabi/5.4.1/../../../../arm-none-eabi/lib/armv7e-m\libm.a(lib_a-w_sqrt.o) (__aeabi_dcmpun)
c:/program files (x86)/gnu tools arm embedded/5.4 2016q3/bin/../lib/gcc/arm-none-eabi/5.4.1/armv7e-m\libgcc.a(_arm_fixdfsi.o)
                              ..\obj\BLDC_Control.o (__aeabi_d2iz)
c:/program files (x86)/gnu tools arm embedded/5.4 2016q3/bin/../lib/gcc/arm-none-eabi/5.4.1/armv7e-m\libgcc.a(_arm_fixunsdfsi.o)
                              ..\obj\main.o (__aeabi_d2uiz)
c:/program files (x86)/gnu tools arm embedded/5.4 2016q3/bin/../lib/gcc/arm-none-eabi/5.4.1/armv7e-m\libgcc.a(_arm_truncdfsf2.o)
                              ..\obj\main.o (__aeabi_d2f)
c:/program files (x86)/gnu tools arm embedded/5.4 2016q3/bin/../lib/gcc/arm-none-eabi/5.4.1/armv7e-m\libgcc.a(_arm_addsubsf3.o)
                              ..\obj\main.o (__aeabi_fsub)
c:/program files (x86)/gnu tools arm embedded/5.4 2016q3/bin/../lib/gcc/arm-none-eabi/5.4.1/armv7e-m\libgcc.a(_arm_muldivsf3.o)
                              ..\obj\main.o (__aeabi_fmul)
c:/program files (x86)/gnu tools arm embedded/5.4 2016q3/bin/../lib/gcc/arm-none-eabi/5.4.1/armv7e-m\libgcc.a(_arm_cmpsf2.o)
                              c:/program files (x86)/gnu tools arm embedded/5.4 2016q3/bin/../lib/gcc/arm-none-eabi/5.4.1/../../../../arm-none-eabi/lib/armv7e-m\libm.a(lib_a-sf_atan.o) (__aeabi_fcmpgt)
[...]
Memory Configuration

Name             Origin             Length             Attributes
rom              0x08000000         0x00040000         xr
ram              0x20000000         0x0000a000         xrw
ram1             0x10000000         0x00002000         xrw
*default*        0x00000000         0xffffffff

Linker script and memory map

                0x2000a000                _eram = 0x2000a000

.text           0x08000000     0x637c
 *(.isr_vector)
 .isr_vector    0x08000000      0x188 ..\obj\startup_stm32f303.o
                0x08000000                g_pfnVectors
 *(.text*)
 .text.Standard_GetDescriptorData
                0x08000188       0x48 ..\obj\usb_core.o
                0x08000188                Standard_GetDescriptorData
 .text.SetDeviceAddress
                0x080001d0       0x7c ..\obj\usb_core.o
                0x080001d0                SetDeviceAddress
 .text.NOP_Process
                0x0800024c        0xc ..\obj\usb_core.o
                0x0800024c                NOP_Process
 .text.Default_Reset_Handler
                0x08000258       0x5c ..\obj\startup_stm32f303.o
                0x08000258                Default_Reset_Handler
                0x08000258                Reset_Handler
 .text.Default_Handler
                0x080002b4        0x8 ..\obj\startup_stm32f303.o
                0x080002b4                RTC_Alarm_IRQHandler
                0x080002b4                HASH_RNG_IRQHandler
                0x080002b4                TIM1_CC_IRQHandler
                0x080002b4                DMA2_Stream5_IRQHandler
                0x080002b4                DMA1_Stream5_IRQHandler
                0x080002b4                PVD_IRQHandler
                0x080002b4                SDIO_IRQHandler
                0x080002b4                TAMP_STAMP_IRQHandler
                0x080002b4                CAN2_RX1_IRQHandler
                0x080002b4                TIM8_TRG_COM_TIM14_IRQHandler
                0x080002b4                TIM1_UP_TIM10_IRQHandler
                0x080002b4                TIM8_UP_TIM13_IRQHandler
                0x080002b4                I2C3_ER_IRQHandler
                0x080002b4                I2C2_EV_IRQHandler
                0x080002b4                DMA1_Stream2_IRQHandler
                0x080002b4                CAN1_RX0_IRQHandler
                0x080002b4                FPU_IRQHandler
                0x080002b4                OTG_HS_WKUP_IRQHandler
                0x080002b4                CAN2_SCE_IRQHandler
                0x080002b4                DMA2_Stream2_IRQHandler
                0x080002b4                SPI1_IRQHandler
                0x080002b4                TIM6_DAC_IRQHandler
                0x080002b4                TIM1_BRK_TIM9_IRQHandler
                0x080002b4                DCMI_IRQHandler
                0x080002b4                CAN2_RX0_IRQHandler
                0x080002b4                DMA2_Stream3_IRQHandler
                0x080002b4                USART6_IRQHandler
                0x080002b4                CRYP_IRQHandler
                0x080002b4                CAN1_RX1_IRQHandler
                0x080002b4                UART5_IRQHandler
                0x080002b4                DMA2_Stream0_IRQHandler
                0x080002b4                I2C1_EV_IRQHandler
                0x080002b4                DMA1_Stream6_IRQHandler
                0x080002b4                DMA1_Stream1_IRQHandler
                0x080002b4                UART4_IRQHandler
                0x080002b4                RCC_IRQHandler
                0x080002b4                TIM8_BRK_TIM12_IRQHandler
                0x080002b4                EXTI15_10_IRQHandler
                0x080002b4                ADC_IRQHandler
                0x080002b4                DMA1_Stream7_IRQHandler
                0x080002b4                TIM7_IRQHandler
                0x080002b4                CAN2_TX_IRQHandler
                0x080002b4                TIM5_IRQHandler
                0x080002b4                DMA2_Stream7_IRQHandler
                0x080002b4                I2C3_EV_IRQHandler
                0x080002b4                EXTI9_5_IRQHandler
                0x080002b4                RTC_WKUP_IRQHandler
                0x080002b4                ETH_WKUP_IRQHandler
                0x080002b4                SPI2_IRQHandler
                0x080002b4                OTG_HS_EP1_IN_IRQHandler
                0x080002b4                DMA1_Stream0_IRQHandler
                0x080002b4                CAN1_TX_IRQHandler
                0x080002b4                FSMC_IRQHandler
                0x080002b4                ETH_IRQHandler
                0x080002b4                OTG_HS_EP1_OUT_IRQHandler
                0x080002b4                WWDG_IRQHandler
                0x080002b4                OTG_FS_WKUP_IRQHandler
                0x080002b4                TIM1_TRG_COM_TIM11_IRQHandler
                0x080002b4                OTG_HS_IRQHandler
                0x080002b4                USART2_IRQHandler
                0x080002b4                I2C2_ER_IRQHandler
                0x080002b4                DMA2_Stream1_IRQHandler
                0x080002b4                CAN1_SCE_IRQHandler
                0x080002b4                FLASH_IRQHandler
                0x080002b4                DMA2_Stream4_IRQHandler
                0x080002b4                OTG_FS_IRQHandler
                0x080002b4                SPI3_IRQHandler
                0x080002b4                DMA1_Stream4_IRQHandler
                0x080002b4                I2C1_ER_IRQHandler
                0x080002b4                DMA2_Stream6_IRQHandler
                0x080002b4                DMA1_Stream3_IRQHandler
 .text.RCC_GetClocksFreq
                0x080002bc      0x414 ..\obj\stm32f30x_rcc.o
                0x080002bc                RCC_GetClocksFreq
 .text.RCC_USBCLKConfig
                0x080006d0       0x1c ..\obj\stm32f30x_rcc.o
                0x080006d0                RCC_USBCLKConfig
 .text.RCC_AHBPeriphClockCmd
                0x080006ec       0x3c ..\obj\stm32f30x_rcc.o
                0x080006ec                RCC_AHBPeriphClockCmd
 .text.RCC_APB2PeriphClockCmd
                0x08000728       0x3c ..\obj\stm32f30x_rcc.o
                0x08000728                RCC_APB2PeriphClockCmd
 .text.RCC_APB1PeriphClockCmd
                0x08000764       0x3c ..\obj\stm32f30x_rcc.o
                0x08000764                RCC_APB1PeriphClockCmd
 .text.RCC_APB2PeriphResetCmd
                0x080007a0       0x3c ..\obj\stm32f30x_rcc.o
                0x080007a0                RCC_APB2PeriphResetCmd
 .text.RCC_APB1PeriphResetCmd
                0x080007dc       0x3c ..\obj\stm32f30x_rcc.o
                0x080007dc                RCC_APB1PeriphResetCmd
 .text.LSM303DLHC_AccInit
                0x08000818       0x78 ..\obj\stm32f3_discovery_lsm303dlhc.o
                0x08000818                LSM303DLHC_AccInit
 .text.LSM303DLHC_AccFilterConfig
                0x08000890       0x5c ..\obj\stm32f3_discovery_lsm303dlhc.o
                0x08000890                LSM303DLHC_AccFilterConfig
 .text.LSM303DLHC_MagInit
                0x080008ec       0x78 ..\obj\stm32f3_discovery_lsm303dlhc.o
                0x080008ec                LSM303DLHC_MagInit
 .text.LSM303DLHC_Write
                0x08000964      0x15c ..\obj\stm32f3_discovery_lsm303dlhc.o
                0x08000964                LSM303DLHC_Write
 .text.LSM303DLHC_Read
                0x08000ac0      0x188 ..\obj\stm32f3_discovery_lsm303dlhc.o
                0x08000ac0                LSM303DLHC_Read
 .text.LSM303DLHC_LowLevel_Init
                0x08000c48      0x154 ..\obj\stm32f3_discovery_lsm303dlhc.o
 .text.SetBTABLE
                0x08000d9c       0x24 ..\obj\usb_regs.o
                0x08000d9c                SetBTABLE
 .text.SetEPType
                0x08000dc0       0x4c ..\obj\usb_regs.o
                0x08000dc0                SetEPType
 .text.SetEPTxStatus
                0x08000e0c       0x70 ..\obj\usb_regs.o
                0x08000e0c                SetEPTxStatus
 .text.SetEPRxStatus
                0x08000e7c       0x70 ..\obj\usb_regs.o
                0x08000e7c                SetEPRxStatus
 .text.SetEPRxValid
                0x08000eec       0x54 ..\obj\usb_regs.o
                0x08000eec                SetEPRxValid
 .text.Clear_Status_Out
                0x08000f40       0x48 ..\obj\usb_regs.o
                0x08000f40                Clear_Status_Out
 .text.SetEPTxAddr
                0x08000f88       0x44 ..\obj\usb_regs.o
                0x08000f88                SetEPTxAddr
 .text.SetEPRxAddr
                0x08000fcc       0x44 ..\obj\usb_regs.o
                0x08000fcc                SetEPRxAddr
 .text.SetEPTxCount
                0x08001010       0x3c ..\obj\usb_regs.o
                0x08001010                SetEPTxCount
 .text.SetEPRxCount
                0x0800104c       0x84 ..\obj\usb_regs.o
                0x0800104c                SetEPRxCount
 .text.Set_System
                0x080010d0       0xa4 ..\obj\hw_config.o
                0x080010d0                Set_System
 .text.Set_USBClock
                0x08001174       0x18 ..\obj\hw_config.o
                0x08001174                Set_USBClock
 .text.USB_Interrupts_Config
                0x0800118c       0x54 ..\obj\hw_config.o
                0x0800118c                USB_Interrupts_Config
 .text.USB_Cable_Config
                0x080011e0       0x34 ..\obj\hw_config.o
                0x080011e0                USB_Cable_Config
 .text.Get_SerialNum
                0x08001214       0x58 ..\obj\hw_config.o
                0x08001214                Get_SerialNum
 .text.IntToUnicode
                0x0800126c       0x7c ..\obj\hw_config.o
 .text.Joystick_init
                0x080012e8       0x2c ..\obj\usb_prop.o
                0x080012e8                Joystick_init
 .text.Joystick_Reset
                0x08001314       0xb0 ..\obj\usb_prop.o
                0x08001314                Joystick_Reset
 .text.Joystick_SetConfiguration
                0x080013c4       0x2c ..\obj\usb_prop.o
                0x080013c4                Joystick_SetConfiguration
 .text.Joystick_SetDeviceAddress
                0x080013f0       0x18 ..\obj\usb_prop.o
                0x080013f0                Joystick_SetDeviceAddress
 .text.Joystick_Status_In
                0x08001408        0xc ..\obj\usb_prop.o
                0x08001408                Joystick_Status_In
 .text.Joystick_Status_Out
                0x08001414        0xc ..\obj\usb_prop.o
                0x08001414                Joystick_Status_Out
 .text.Joystick_Data_Setup
                0x08001420       0xa4 ..\obj\usb_prop.o
                0x08001420                Joystick_Data_Setup
 .text.Joystick_NoData_Setup
                0x080014c4       0x34 ..\obj\usb_prop.o
                0x080014c4                Joystick_NoData_Setup
 .text.Joystick_GetDeviceDescriptor
                0x080014f8       0x24 ..\obj\usb_prop.o
                0x080014f8                Joystick_GetDeviceDescriptor
 .text.Joystick_GetConfigDescriptor
                0x0800151c       0x24 ..\obj\usb_prop.o
                0x0800151c                Joystick_GetConfigDescriptor
 .text.Joystick_GetStringDescriptor
                0x08001540       0x40 ..\obj\usb_prop.o
                0x08001540                Joystick_GetStringDescriptor
 .text.Joystick_GetReportDescriptor
                0x08001580       0x24 ..\obj\usb_prop.o
                0x08001580                Joystick_GetReportDescriptor
 .text.Joystick_GetHIDDescriptor
                0x080015a4       0x24 ..\obj\usb_prop.o
                0x080015a4                Joystick_GetHIDDescriptor
 .text.Joystick_Get_Interface_Setting
                0x080015c8       0x30 ..\obj\usb_prop.o
                0x080015c8                Joystick_Get_Interface_Setting
 .text.Joystick_SetProtocol
                0x080015f8       0x28 ..\obj\usb_prop.o
                0x080015f8                Joystick_SetProtocol
 .text.Joystick_GetProtocolValue
                0x08001620       0x30 ..\obj\usb_prop.o
                0x08001620                Joystick_GetProtocolValue
 .text.NMI_Handler
                0x08001650        0xc ..\obj\stm32f30x_it.o
                0x08001650                NMI_Handler
 .text.HardFault_Handler
                0x0800165c        0x8 ..\obj\stm32f30x_it.o
                0x0800165c                HardFault_Handler
 .text.MemManage_Handler
                0x08001664        0x8 ..\obj\stm32f30x_it.o
                0x08001664                MemManage_Handler
 .text.BusFault_Handler
                0x0800166c        0x8 ..\obj\stm32f30x_it.o
                0x0800166c                BusFault_Handler
 .text.UsageFault_Handler
                0x08001674        0x8 ..\obj\stm32f30x_it.o
                0x08001674                UsageFault_Handler
 .text.SVC_Handler
                0x0800167c        0xc ..\obj\stm32f30x_it.o
                0x0800167c                SVC_Handler
 .text.DebugMon_Handler
                0x08001688        0xc ..\obj\stm32f30x_it.o
                0x08001688                DebugMon_Handler
 .text.PendSV_Handler
                0x08001694        0xc ..\obj\stm32f30x_it.o
                0x08001694                PendSV_Handler
 .text.SysTick_Handler
                0x080016a0       0x2c ..\obj\stm32f30x_it.o
                0x080016a0                SysTick_Handler
 .text.GPIO_Init
                0x080016cc      0x128 ..\obj\stm32f30x_gpio.o
                0x080016cc                GPIO_Init
 .text.GPIO_ReadInputDataBit
                0x080017f4       0x38 ..\obj\stm32f30x_gpio.o
                0x080017f4                GPIO_ReadInputDataBit
 .text.GPIO_SetBits
                0x0800182c       0x1c ..\obj\stm32f30x_gpio.o
                0x0800182c                GPIO_SetBits
 .text.GPIO_ResetBits
                0x08001848       0x1c ..\obj\stm32f30x_gpio.o
                0x08001848                GPIO_ResetBits
 .text.GPIO_PinAFConfig
                0x08001864       0x90 ..\obj\stm32f30x_gpio.o
                0x08001864                GPIO_PinAFConfig
 .text.PowerOn  0x080018f4       0x50 ..\obj\usb_pwr.o
                0x080018f4                PowerOn
 .text.USB_Init
                0x08001944       0x44 ..\obj\usb_init.o
                0x08001944                USB_Init
 .text.NVIC_SetPriority
                0x08001988       0x54 ..\obj\main.o
 .text.SysTick_Config
                0x080019dc       0x44 ..\obj\main.o
 .text.main     0x08001a20      0x22c ..\obj\main.o
                0x08001a20                main
 .text.PWMInput_Config
                0x08001c4c      0x3bc ..\obj\main.o
                0x08001c4c                PWMInput_Config
 .text.Demo_USB
                0x08002008       0x34 ..\obj\main.o
                0x08002008                Demo_USB
 .text.Demo_GyroConfig
                0x0800203c       0x4c ..\obj\main.o
                0x0800203c                Demo_GyroConfig
 .text.Calculate_Gyro_Drift
                0x08002088       0xac ..\obj\main.o
                0x08002088                Calculate_Gyro_Drift
 .text.Demo_GyroReadAngRate
                0x08002134      0x160 ..\obj\main.o
                0x08002134                Demo_GyroReadAngRate
 .text.Demo_CompassConfig
                0x08002294       0x64 ..\obj\main.o
                0x08002294                Demo_CompassConfig
 .text.Demo_CompassReadAcc
                0x080022f8      0x1cc ..\obj\main.o
                0x080022f8                Demo_CompassReadAcc
 .text.TimingDelay_Decrement
                0x080024c4       0x24 ..\obj\main.o
                0x080024c4                TimingDelay_Decrement
 .text.L3GD20_TIMEOUT_UserCallback
                0x080024e8       0x10 ..\obj\main.o
                0x080024e8                L3GD20_TIMEOUT_UserCallback
 .text.LSM303DLHC_TIMEOUT_UserCallback
                0x080024f8       0x10 ..\obj\main.o
                0x080024f8                LSM303DLHC_TIMEOUT_UserCallback
 .text.RCC_Configuration
                0x08002508       0x30 ..\obj\main.o
                0x08002508                RCC_Configuration
 .text.GPIO_Configuration
                0x08002538       0x5c ..\obj\main.o
                0x08002538                GPIO_Configuration
 .text.GPIO_Configuration2
                0x08002594       0x58 ..\obj\main.o
                0x08002594                GPIO_Configuration2
 .text.USART1_Configuration
                0x080025ec       0x68 ..\obj\main.o
                0x080025ec                USART1_Configuration
 .text.USART3_Configuration
                0x08002654       0x68 ..\obj\main.o
                0x08002654                USART3_Configuration
 .text.USART1_Send
                0x080026bc       0x34 ..\obj\main.o
                0x080026bc                USART1_Send
 .text.USART1_IRQHandler
                0x080026f0       0x64 ..\obj\main.o
                0x080026f0                USART1_IRQHandler
 .text.USART3_IRQHandler
                0x08002754       0x94 ..\obj\main.o
                0x08002754                USART3_IRQHandler
 .text.EXTI0_IRQHandler
                0x080027e8       0x18 ..\obj\main.o
                0x080027e8                EXTI0_IRQHandler
 .text.TIM4_IRQHandler
                0x08002800       0x5c ..\obj\main.o
                0x08002800                TIM4_IRQHandler
 .text.TIM3_IRQHandler
                0x0800285c       0x5c ..\obj\main.o
                0x0800285c                TIM3_IRQHandler
 .text.TIM8_CC_IRQHandler
                0x080028b8       0x5c ..\obj\main.o
                0x080028b8                TIM8_CC_IRQHandler
 .text.EXTI1_IRQHandler
                0x08002914       0x9c ..\obj\main.o
                0x08002914                EXTI1_IRQHandler
 .text.EXTI2_IRQHandler
                0x080029b0       0x10 ..\obj\main.o
                0x080029b0                EXTI2_IRQHandler
 .text.EXTI3_IRQHandler
                0x080029c0       0x10 ..\obj\main.o
                0x080029c0                EXTI3_IRQHandler
 .text.EXTI4_IRQHandler
                0x080029d0       0x10 ..\obj\main.o
                0x080029d0                EXTI4_IRQHandler
 .text.EXTI_Init
                0x080029e0      0x1f4 ..\obj\stm32f30x_exti.o
                0x080029e0                EXTI_Init
 .text.EXTI_ClearITPendingBit
                0x08002bd4       0x30 ..\obj\stm32f30x_exti.o
                0x08002bd4                EXTI_ClearITPendingBit
 .text.SPI_I2S_DeInit
                0x08002c04       0x74 ..\obj\stm32f30x_spi.o
                0x08002c04                SPI_I2S_DeInit
 .text.SPI_Init
                0x08002c78      0x114 ..\obj\stm32f30x_spi.o
                0x08002c78                SPI_Init
 .text.SPI_Cmd  0x08002d8c       0x40 ..\obj\stm32f30x_spi.o
                0x08002d8c                SPI_Cmd
 .text.SPI_RxFIFOThresholdConfig
                0x08002dcc       0x38 ..\obj\stm32f30x_spi.o
                0x08002dcc                SPI_RxFIFOThresholdConfig
 .text.SPI_SendData8
                0x08002e04       0x2c ..\obj\stm32f30x_spi.o
                0x08002e04                SPI_SendData8
 .text.SPI_ReceiveData8
                0x08002e30       0x28 ..\obj\stm32f30x_spi.o
                0x08002e30                SPI_ReceiveData8
 .text.SPI_I2S_GetFlagStatus
                0x08002e58       0x38 ..\obj\stm32f30x_spi.o
                0x08002e58                SPI_I2S_GetFlagStatus
 .text.I2C_Init
                0x08002e90       0xc8 ..\obj\stm32f30x_i2c.o
                0x08002e90                I2C_Init
 .text.I2C_Cmd  0x08002f58       0x38 ..\obj\stm32f30x_i2c.o
                0x08002f58                I2C_Cmd
 .text.I2C_TransferHandling
                0x08002f90       0x58 ..\obj\stm32f30x_i2c.o
                0x08002f90                I2C_TransferHandling
 .text.I2C_SendData
                0x08002fe8       0x1c ..\obj\stm32f30x_i2c.o
                0x08002fe8                I2C_SendData
 .text.I2C_ReceiveData
                0x08003004       0x18 ..\obj\stm32f30x_i2c.o
                0x08003004                I2C_ReceiveData
 .text.I2C_GetFlagStatus
                0x0800301c       0x3c ..\obj\stm32f30x_i2c.o
                0x0800301c                I2C_GetFlagStatus
 .text.I2C_ClearFlag
                0x08003058       0x1c ..\obj\stm32f30x_i2c.o
                0x08003058                I2C_ClearFlag
 .text.USB_SIL_Init
                0x08003074       0x30 ..\obj\usb_sil.o
                0x08003074                USB_SIL_Init
 .text.NVIC_PriorityGroupConfig
                0x080030a4       0x24 ..\obj\stm32f30x_misc.o
                0x080030a4                NVIC_PriorityGroupConfig
 .text.NVIC_Init
                0x080030c8       0xc4 ..\obj\stm32f30x_misc.o
                0x080030c8                NVIC_Init
 .text.TIM_TimeBaseInit
                0x0800318c       0xec ..\obj\stm32f30x_tim.o
                0x0800318c                TIM_TimeBaseInit
 .text.TIM_TimeBaseStructInit
                0x08003278       0x34 ..\obj\stm32f30x_tim.o
                0x08003278                TIM_TimeBaseStructInit
 .text.TIM_GetCounter
                0x080032ac       0x18 ..\obj\stm32f30x_tim.o
                0x080032ac                TIM_GetCounter
 .text.TIM_ARRPreloadConfig
                0x080032c4       0x40 ..\obj\stm32f30x_tim.o
                0x080032c4                TIM_ARRPreloadConfig
 .text.TIM_Cmd  0x08003304       0x40 ..\obj\stm32f30x_tim.o
                0x08003304                TIM_Cmd
 .text.TIM_OC1Init
                0x08003344      0x124 ..\obj\stm32f30x_tim.o
                0x08003344                TIM_OC1Init
 .text.TIM_OC2Init
                0x08003468      0x100 ..\obj\stm32f30x_tim.o
                0x08003468                TIM_OC2Init
 .text.TIM_OC3Init
                0x08003568       0xfc ..\obj\stm32f30x_tim.o
                0x08003568                TIM_OC3Init
 .text.TIM_OC4Init
                0x08003664       0xc0 ..\obj\stm32f30x_tim.o
                0x08003664                TIM_OC4Init
 .text.TIM_SetCompare1
                0x08003724       0x1c ..\obj\stm32f30x_tim.o
                0x08003724                TIM_SetCompare1
 .text.TIM_SetCompare2
                0x08003740       0x1c ..\obj\stm32f30x_tim.o
                0x08003740                TIM_SetCompare2
 .text.TIM_SetCompare3
                0x0800375c       0x1c ..\obj\stm32f30x_tim.o
                0x0800375c                TIM_SetCompare3
 .text.TIM_SetCompare4
                0x08003778       0x1c ..\obj\stm32f30x_tim.o
                0x08003778                TIM_SetCompare4
 .text.TIM_OC1PreloadConfig
                0x08003794       0x38 ..\obj\stm32f30x_tim.o
                0x08003794                TIM_OC1PreloadConfig
 .text.TIM_OC2PreloadConfig
                0x080037cc       0x3c ..\obj\stm32f30x_tim.o
                0x080037cc                TIM_OC2PreloadConfig
 .text.TIM_OC3PreloadConfig
                0x08003808       0x38 ..\obj\stm32f30x_tim.o
                0x08003808                TIM_OC3PreloadConfig
 .text.TIM_OC4PreloadConfig
                0x08003840       0x3c ..\obj\stm32f30x_tim.o
                0x08003840                TIM_OC4PreloadConfig
 .text.TIM_ICStructInit
                0x0800387c       0x30 ..\obj\stm32f30x_tim.o
                0x0800387c                TIM_ICStructInit
 .text.TIM_PWMIConfig
                0x080038ac       0xb8 ..\obj\stm32f30x_tim.o
                0x080038ac                TIM_PWMIConfig
 .text.TIM_SetIC1Prescaler
                0x08003964       0x30 ..\obj\stm32f30x_tim.o
                0x08003964                TIM_SetIC1Prescaler
 .text.TIM_SetIC2Prescaler
                0x08003994       0x30 ..\obj\stm32f30x_tim.o
                0x08003994                TIM_SetIC2Prescaler
 .text.TIM_CtrlPWMOutputs
                0x080039c4       0x38 ..\obj\stm32f30x_tim.o
                0x080039c4                TIM_CtrlPWMOutputs
 .text.TIM_ITConfig
                0x080039fc       0x40 ..\obj\stm32f30x_tim.o
                0x080039fc                TIM_ITConfig
 .text.TIM_GetITStatus
                0x08003a3c       0x54 ..\obj\stm32f30x_tim.o
                0x08003a3c                TIM_GetITStatus
 .text.TIM_ClearITPendingBit
                0x08003a90       0x24 ..\obj\stm32f30x_tim.o
                0x08003a90                TIM_ClearITPendingBit
 .text.TIM_SelectInputTrigger
                0x08003ab4       0x38 ..\obj\stm32f30x_tim.o
                0x08003ab4                TIM_SelectInputTrigger
 .text.TIM_SelectSlaveMode
                0x08003aec       0x30 ..\obj\stm32f30x_tim.o
                0x08003aec                TIM_SelectSlaveMode
 .text.TIM_SelectMasterSlaveMode
                0x08003b1c       0x30 ..\obj\stm32f30x_tim.o
                0x08003b1c                TIM_SelectMasterSlaveMode
 .text.TI1_Config
                0x08003b4c       0x80 ..\obj\stm32f30x_tim.o
 .text.TI2_Config
                0x08003bcc       0x98 ..\obj\stm32f30x_tim.o
 .text.L3GD20_Init
                0x08003c64       0x78 ..\obj\stm32f3_discovery_l3gd20.o
                0x08003c64                L3GD20_Init
 .text.L3GD20_FilterConfig
                0x08003cdc       0x4c ..\obj\stm32f3_discovery_l3gd20.o
                0x08003cdc                L3GD20_FilterConfig
 .text.L3GD20_FilterCmd
                0x08003d28       0x44 ..\obj\stm32f3_discovery_l3gd20.o
                0x08003d28                L3GD20_FilterCmd
 .text.L3GD20_Write
                0x08003d6c       0x60 ..\obj\stm32f3_discovery_l3gd20.o
                0x08003d6c                L3GD20_Write
 .text.L3GD20_Read
                0x08003dcc       0x70 ..\obj\stm32f3_discovery_l3gd20.o
                0x08003dcc                L3GD20_Read
 .text.L3GD20_LowLevel_Init
                0x08003e3c      0x154 ..\obj\stm32f3_discovery_l3gd20.o
 .text.L3GD20_SendByte
                0x08003f90       0x8c ..\obj\stm32f3_discovery_l3gd20.o
 .text.SYSCFG_EXTILineConfig
                0x0800401c       0x84 ..\obj\stm32f30x_syscfg.o
                0x0800401c                SYSCFG_EXTILineConfig
 .text.schedule_PI_interrupts
                0x080040a0       0xf8 ..\obj\BLDC_Control.o
                0x080040a0                schedule_PI_interrupts
 .text.Set_Offset
                0x08004198      0x118 ..\obj\BLDC_Control.o
                0x08004198                Set_Offset
 .text.Set_Offset1
                0x080042b0      0x124 ..\obj\BLDC_Control.o
                0x080042b0                Set_Offset1
 .text.bounds_check
                0x080043d4       0xe4 ..\obj\BLDC_Control.o
                0x080043d4                bounds_check
 .text.low_bounds_check
                0x080044b8       0xf4 ..\obj\BLDC_Control.o
                0x080044b8                low_bounds_check
 .text.init_pwm_gpio
                0x080045ac       0x64 ..\obj\BLDC_Control.o
                0x080045ac                init_pwm_gpio
 .text.init_pwm
                0x08004610       0xdc ..\obj\BLDC_Control.o
                0x08004610                init_pwm
 .text.slow_init_pwm
                0x080046ec      0x1a0 ..\obj\BLDC_Control.o
                0x080046ec                slow_init_pwm
 .text.set_pwm_width
                0x0800488c       0x80 ..\obj\BLDC_Control.o
                0x0800488c                set_pwm_width
 *fill*         0x0800490c        0x4 
 .text.TIM2_IRQHandler
                0x08004910      0x4c8 ..\obj\BLDC_Control.o
                0x08004910                TIM2_IRQHandler
 .text.STM_EVAL_PBInit
                0x08004dd8       0x98 ..\obj\stm32f3_discovery.o
                0x08004dd8                STM_EVAL_PBInit
 .text.USART_Init
                0x08004e70      0x178 ..\obj\stm32f30x_usart.o
                0x08004e70                USART_Init
 .text.USART_Cmd
                0x08004fe8       0x38 ..\obj\stm32f30x_usart.o
                0x08004fe8                USART_Cmd
 .text.USART_SendData
                0x08005020       0x24 ..\obj\stm32f30x_usart.o
                0x08005020                USART_SendData
 .text.USART_ReceiveData
                0x08005044       0x20 ..\obj\stm32f30x_usart.o
                0x08005044                USART_ReceiveData
 .text.USART_ITConfig
                0x08005064       0x84 ..\obj\stm32f30x_usart.o
                0x08005064                USART_ITConfig
 .text.USART_GetFlagStatus
                0x080050e8       0x30 ..\obj\stm32f30x_usart.o
                0x080050e8                USART_GetFlagStatus
 .text.atan2f   0x08005118        0x4 c:/program files (x86)/gnu tools arm embedded/5.4 2016q3/bin/../lib/gcc/arm-none-eabi/5.4.1/../../../../arm-none-eabi/lib/armv7e-m\libm.a(lib_a-wf_atan2.o)
                0x08005118                atan2f
 .text.__ieee754_atan2f
                0x0800511c      0x124 c:/program files (x86)/gnu tools arm embedded/5.4 2016q3/bin/../lib/gcc/arm-none-eabi/5.4.1/../../../../arm-none-eabi/lib/armv7e-m\libm.a(lib_a-ef_atan2.o)
                0x0800511c                __ieee754_atan2f
 .text.atanf    0x08005240      0x22c c:/program files (x86)/gnu tools arm embedded/5.4 2016q3/bin/../lib/gcc/arm-none-eabi/5.4.1/../../../../arm-none-eabi/lib/armv7e-m\libm.a(lib_a-sf_atan.o)
                0x08005240                atanf
 .text.fabsf    0x0800546c        0x8 c:/program files (x86)/gnu tools arm embedded/5.4 2016q3/bin/../lib/gcc/arm-none-eabi/5.4.1/../../../../arm-none-eabi/lib/armv7e-m\libm.a(lib_a-sf_fabs.o)
                0x0800546c                fabsf
 .text          0x08005474      0x370 c:/program files (x86)/gnu tools arm embedded/5.4 2016q3/bin/../lib/gcc/arm-none-eabi/5.4.1/armv7e-m\libgcc.a(_arm_addsubdf3.o)
                0x08005474                __aeabi_drsub
                0x0800547c                __aeabi_dsub
                0x0800547c                __subdf3
                0x08005480                __aeabi_dadd
                0x08005480                __adddf3
                0x080056f8                __floatunsidf
                0x080056f8                __aeabi_ui2d
                0x08005718                __floatsidf
                0x08005718                __aeabi_i2d
                0x0800573c                __aeabi_f2d
                0x0800573c                __extendsfdf2
                0x08005778                __floatundidf
                0x08005778                __aeabi_ul2d
                0x08005788                __floatdidf
                0x08005788                __aeabi_l2d
 .text          0x080057e4      0x424 c:/program files (x86)/gnu tools arm embedded/5.4 2016q3/bin/../lib/gcc/arm-none-eabi/5.4.1/armv7e-m\libgcc.a(_arm_muldivdf3.o)
                0x080057e4                __aeabi_dmul
                0x080057e4                __muldf3
                0x08005a38                __divdf3
                0x08005a38                __aeabi_ddiv
 .text          0x08005c08       0x50 c:/program files (x86)/gnu tools arm embedded/5.4 2016q3/bin/../lib/gcc/arm-none-eabi/5.4.1/armv7e-m\libgcc.a(_arm_fixdfsi.o)
                0x08005c08                __aeabi_d2iz
                0x08005c08                __fixdfsi
 .text          0x08005c58      0x21c c:/program files (x86)/gnu tools arm embedded/5.4 2016q3/bin/../lib/gcc/arm-none-eabi/5.4.1/armv7e-m\libgcc.a(_arm_addsubsf3.o)
                0x08005c58                __aeabi_frsub
                0x08005c60                __subsf3
                0x08005c60                __aeabi_fsub
                0x08005c64                __aeabi_fadd
                0x08005c64                __addsf3
                0x08005dc4                __aeabi_ui2f
                0x08005dc4                __floatunsisf
                0x08005dcc                __aeabi_i2f
                0x08005dcc                __floatsisf
                0x08005de8                __aeabi_ul2f
                0x08005de8                __floatundisf
                0x08005df8                __aeabi_l2f
                0x08005df8                __floatdisf
 .text          0x08005e74      0x2a0 c:/program files (x86)/gnu tools arm embedded/5.4 2016q3/bin/../lib/gcc/arm-none-eabi/5.4.1/armv7e-m\libgcc.a(_arm_muldivsf3.o)
                0x08005e74                __mulsf3
                0x08005e74                __aeabi_fmul
                0x08005fdc                __aeabi_fdiv
                0x08005fdc                __divsf3
 .text          0x08006114       0xec c:/program files (x86)/gnu tools arm embedded/5.4 2016q3/bin/../lib/gcc/arm-none-eabi/5.4.1/armv7e-m\libgcc.a(_arm_cmpsf2.o)
                0x08006114                __gesf2
                0x08006114                __gtsf2
                0x0800611c                __lesf2
                0x0800611c                __ltsf2
                0x08006124                __nesf2
                0x08006124                __eqsf2
                0x08006124                __cmpsf2
                0x08006184                __aeabi_cfrcmple
                0x0800618c                __aeabi_cfcmpeq
                0x0800618c                __aeabi_cfcmple
                0x0800619c                __aeabi_fcmpeq
                0x080061b0                __aeabi_fcmplt
                0x080061c4                __aeabi_fcmple
                0x080061d8                __aeabi_fcmpge
                0x080061ec                __aeabi_fcmpgt
 .text          0x08006200       0x4c c:/program files (x86)/gnu tools arm embedded/5.4 2016q3/bin/../lib/gcc/arm-none-eabi/5.4.1/armv7e-m\libgcc.a(_arm_fixsfsi.o)
                0x08006200                __aeabi_f2iz
                0x08006200                __fixsfsi
 .text          0x0800624c       0x40 c:/program files (x86)/gnu tools arm embedded/5.4 2016q3/bin/../lib/gcc/arm-none-eabi/5.4.1/armv7e-m\libgcc.a(_arm_fixunssfsi.o)
                0x0800624c                __fixunssfsi
                0x0800624c                __aeabi_f2uiz
 *(.init)
 *(.fini)
 *crtbegin.o(.ctors)
 *crtbegin?.o(.ctors)
 *(EXCLUDE_FILE(*crtend.o *crtend?.o) .ctors)
 *(SORT(.ctors.*))
 *(.ctors)
 *crtbegin.o(.dtors)
 *crtbegin?.o(.dtors)
 *(EXCLUDE_FILE(*crtend.o *crtend?.o) .dtors)
 *(SORT(.dtors.*))
 *(.dtors)
 *(.rodata*)
 .rodata        0x0800628c       0xce ..\obj\usb_desc.o
                0x0800628c                Joystick_DeviceDescriptor
                0x080062a0                Joystick_ConfigDescriptor
                0x080062c4                Joystick_ReportDescriptor
                0x08006310                Joystick_StringLangID
                0x08006314                Joystick_StringVendor
                0x0800633c                Joystick_StringProduct
 *fill*         0x0800635a        0x2 
 .rodata.atanlo
                0x0800635c       0x10 c:/program files (x86)/gnu tools arm embedded/5.4 2016q3/bin/../lib/gcc/arm-none-eabi/5.4.1/../../../../arm-none-eabi/lib/armv7e-m\libm.a(lib_a-sf_atan.o)
 .rodata.atanhi
                0x0800636c       0x10 c:/program files (x86)/gnu tools arm embedded/5.4 2016q3/bin/../lib/gcc/arm-none-eabi/5.4.1/../../../../arm-none-eabi/lib/armv7e-m\libm.a(lib_a-sf_atan.o)
 *(.eh_fram e*)

.glue_7         0x0800637c        0x0
 .glue_7        0x0800637c        0x0 linker stubs

.glue_7t        0x0800637c        0x0
 .glue_7t       0x0800637c        0x0 linker stubs

.vfp11_veneer   0x0800637c        0x0
 .vfp11_veneer  0x0800637c        0x0 linker stubs

.v4_bx          0x0800637c        0x0
 .v4_bx         0x0800637c        0x0 linker stubs

.iplt           0x0800637c        0x0
 .iplt          0x0800637c        0x0 ..\obj\stm32f30x_iwdg.o

.rel.dyn        0x0800637c        0x0
 .rel.iplt      0x0800637c        0x0 ..\obj\stm32f30x_iwdg.o

.ARM.extab
 *(.ARM.extab* .gnu.linkonce.armextab.*)
                0x0800637c                __exidx_start = .

.ARM.exidx
 *(.ARM.exidx* .gnu.linkonce.armexidx.*)
                0x0800637c                __exidx_end = .
                0x0800637c                __etext = .
                0x0800637c                _sidata = __etext

.data           0x20000000      0x158 load address 0x0800637c
                0x20000000                __data_start__ = .
                0x20000000                _sdata = __data_start__
 *(vtable)
 *(.data*)
 .data          0x20000000       0x2a ..\obj\stm32f30x_rcc.o
 *fill*         0x2000002a        0x2 
 .data          0x2000002c        0x4 ..\obj\stm32f3_discovery_lsm303dlhc.o
                0x2000002c                LSM303DLHC_Timeout
 .data          0x20000030       0x1a ..\obj\usb_desc.o
                0x20000030                Joystick_StringSerial
 *fill*         0x2000004a        0x2 
 .data          0x2000004c       0x98 ..\obj\usb_prop.o
                0x2000004c                Device_Table
                0x20000050                Device_Property
                0x20000080                User_Standard_Requests
                0x200000a4                Device_Descriptor
                0x200000ac                Config_Descriptor
                0x200000b4                Joystick_Report_Descriptor
                0x200000bc                Mouse_Hid_Descriptor
                0x200000c4                String_Descriptor
 .data          0x200000e4       0x1c ..\obj\main.o
                0x200000e4                PrevXferComplete
                0x200000e8                USBConnectTimeOut
                0x200000ec                fix_state
                0x200000f0                duty_cycle1
                0x200000f4                duty_cycle2
                0x200000f8                duty_cycle3
                0x200000fc                duty_cycle4
 .data          0x20000100        0x4 ..\obj\stm32f3_discovery_l3gd20.o
                0x20000100                L3GD20Timeout
 .data          0x20000104       0x30 ..\obj\BLDC_Control.o
                0x20000104                PID
                0x20000108                offsetA
                0x2000010c                offsetB
                0x20000110                offsetC
                0x20000114                offsetD
                0x20000118                KpX
                0x2000011c                KiX
                0x20000120                KdX
                0x20000124                KpY
                0x20000128                KiY
                0x2000012c                KdY
                0x20000130                interrupt_frequency
 .data          0x20000134       0x24 ..\obj\stm32f3_discovery.o
                0x20000134                GPIO_PORT
                0x20000154                BUTTON_PORT
                0x20000158                . = ALIGN (0x4)
                [!provide]                PROVIDE (__preinit_array_start, .)
 *(.preinit_array)
                [!provide]                PROVIDE (__preinit_array_end, .)
                0x20000158                . = ALIGN (0x4)
                [!provide]                PROVIDE (__init_array_start, .)
 *(SORT(.init_array.*))
 *(.init_array)
                [!provide]                PROVIDE (__init_array_end, .)
                0x20000158                . = ALIGN (0x4)
                [!provide]                PROVIDE (__fini_array_start, .)
 *(SORT(.fini_array.*))
 *(.fini_array)
                [!provide]                PROVIDE (__fini_array_end, .)
 *(.jcr*)
                0x20000158                . = ALIGN (0x4)
                0x20000158                __data_end__ = .
                0x20000158                _edata = __data_end__

.igot.plt       0x20000158        0x0 load address 0x080064d4
 .igot.plt      0x20000158        0x0 ..\obj\stm32f30x_iwdg.o

.bss            0x20000158      0x2e4 load address 0x080064d8
                0x20000158                . = ALIGN (0x4)
                0x20000158                __bss_start__ = .
                0x20000158                _sbss = __bss_start__
 *(.bss*)
 .bss           0x20000158        0x4 ..\obj\usb_pwr.o
                0x20000158                bDeviceState
 .bss           0x2000015c       0x62 ..\obj\main.o
                0x2000015c                TimingDelay
                0x20000160                UserButtonPressed
                0x20000164                HeadingValue
                0x20000168                MagBuffer
                0x20000174                AccBuffer
                0x20000180                Buff
                0x2000018c                IN_CH1
                0x20000190                IN_CH2
                0x20000194                IN_CH3
                0x20000198                IN_CH4
                0x2000019c                DataReady
                0x200001a0                fCosPitch
                0x200001a4                RollAng
                0x200001a8                PitchAng
                0x200001ac                fTiltedY
                0x200001b0                string_pointer
                0x200001b1                power
                0x200001b2                c
                0x200001b3                Gyro_XOffset
                0x200001b4                Gyro_YOffset
 *fill*         0x200001be        0x2 
 .bss           0x200001c0       0x3c ..\obj\BLDC_Control.o
                0x200001c0                Yval
                0x200001c4                Buffer
                0x200001d0                AccBuffer2
                0x200001dc                chasetheX
                0x200001e0                chasetheY
                0x200001e4                SUMof_XError
                0x200001e8                SUMof_YError
                0x200001ec                XLastError
                0x200001f0                YLastError
                0x200001f4                ControlX_Out
                0x200001f8                ControlY_Out
 *(COMMON)
 COMMON         0x200001fc        0xc ..\obj\hw_config.o
                0x200001fc                HSEStartUpStatus
                0x20000200                EXTI_InitStructure
 COMMON         0x20000208        0x4 ..\obj\usb_prop.o
                0x20000208                ProtocolValue
 COMMON         0x2000020c       0x32 ..\obj\usb_init.o
                0x2000020c                SaveState
                0x20000210                pProperty
                0x20000214                EPindex
                0x20000218                Device_Info
                0x20000234                pUser_Standard_Requests
                0x20000238                pInformation
                0x2000023c                wInterrupt_Mask
 *fill*         0x2000023e        0x2 
 COMMON         0x20000240      0x1a0 ..\obj\main.o
                0x20000240                Lat_Deg
                0x20000244                fCosRoll
                0x20000248                Lat_Min
                0x2000024c                rx
                0x20000250                calibration_value
                0x20000254                tx
                0x20000258                fTiltedX
                0x2000025c                NEMA_String
                0x20000374                fSinRoll
                0x20000378                altitude
                0x20000380                dec_lat
                0x20000388                Long_Min
                0x2000038c                Long_Deg
                0x2000038e                USART3_rx
                0x20000390                offset
                0x20000394                fSinPitch
                0x20000398                fNormAcc
                0x2000039c                RCC_Clocks
                0x200003d8                dec_long
 COMMON         0x200003e0       0x5c ..\obj\BLDC_Control.o
                0x200003e0                offsetD_Low
                0x200003e4                offsetB_High
                0x200003e8                Xval
                0x200003ec                duty_cycleC
                0x200003f0                YTotal_Rotation
                0x200003f4                offsetC_Low
                0x200003f8                ms_pulses2
                0x200003fc                offsetD_High
                0x20000400                prescaler2
                0x20000404                interrupt_period_int
                0x20000408                AccYanglefloat
                0x2000040c                duty_cycleD
                0x20000410                pwm_period
                0x20000414                AccXangle
                0x20000418                offsetC_High
                0x2000041c                XTotal_Rotation
                0x20000420                offsetA_High
                0x20000424                interrupt_period_float
                0x20000428                offsetB_Low
                0x2000042c                AccYangle
                0x20000430                duty_cycleB
                0x20000434                offsetA_Low
                0x20000438                duty_cycleA
                0x2000043c                . = ALIGN (0x4)
                0x2000043c                __bss_end__ = .
                0x2000043c                _ebss = __bss_end__

.heap           0x2000043c        0x0
                0x2000043c                __end__ = .
                0x2000043c                _end = __end__
                0x2000043c                end = __end__
 *(.heap*)
                0x2000043c                __HeapLimit = .

.co_stack       0x2000043c      0x804 load address 0x080067bc
                0x20000440                . = ALIGN (0x8)
 *fill*         0x2000043c        0x4 
 *(.co_stack .co_stack.*)
 .co_stack      0x20000440      0x800 ..\obj\startup_stm32f303.o
                0x20000440                pulStack
                0x2000a000                __StackTop = (ORIGIN (ram) + LENGTH (ram))
                0x200097fc                __StackLimit = (__StackTop - SIZEOF (.co_stack))
                [!provide]                PROVIDE (__stack, __StackTop)
                0x00000001                ASSERT ((__StackLimit >= __HeapLimit), region ram  overflowed with stack)
LOAD ..\obj\stm32f30x_iwdg.o
LOAD ..\obj\stm32f30x_opamp.o
LOAD ..\obj\usb_core.o
LOAD ..\obj\stm32f30x_crc.o
LOAD ..\obj\startup_stm32f303.o
LOAD ..\obj\stm32f30x_rcc.o
LOAD ..\obj\stm32f3_discovery_lsm303dlhc.o
LOAD ..\obj\stm32f30x_flash.o
LOAD ..\obj\system_stm32f30x.o
LOAD ..\obj\stm32f30x_adc.o
LOAD ..\obj\usb_int.o
LOAD ..\obj\usb_desc.o
LOAD ..\obj\usb_regs.o
LOAD ..\obj\hw_config.o
LOAD ..\obj\usb_prop.o
LOAD ..\obj\stm32f30x_it.o
LOAD ..\obj\stm32f30x_comp.o
LOAD ..\obj\stm32f30x_gpio.o
LOAD ..\obj\usb_pwr.o
LOAD ..\obj\usb_init.o
LOAD ..\obj\main.o
LOAD ..\obj\stm32f30x_dma.o
LOAD ..\obj\GPS.o
LOAD ..\obj\stm32f30x_exti.o
LOAD ..\obj\stm32f30x_spi.o
LOAD ..\obj\stm32f30x_i2c.o
LOAD ..\obj\usb_sil.o
LOAD ..\obj\stm32f30x_rtc.o
LOAD ..\obj\stm32f30x_misc.o
LOAD ..\obj\stm32f30x_tim.o
LOAD ..\obj\stm32f3_discovery_l3gd20.o
LOAD ..\obj\stm32f30x_dbgmcu.o
LOAD ..\obj\usb_endp.o
LOAD ..\obj\stm32f30x_syscfg.o
LOAD ..\obj\stm32f30x_pwr.o
LOAD ..\obj\stm32f30x_wwdg.o
LOAD ..\obj\stm32f30x_can.o
LOAD ..\obj\BLDC_Control.o
LOAD ..\obj\usb_mem.o
LOAD ..\obj\stm32f3_discovery.o
LOAD ..\obj\stm32f30x_dac.o
LOAD ..\obj\usb_istr.o
LOAD ..\obj\stm32f30x_usart.o
LOAD c:/program files (x86)/gnu tools arm embedded/5.4 2016q3/bin/../lib/gcc/arm-none-eabi/5.4.1/../../../../arm-none-eabi/lib/armv7e-m\libm.a
START GROUP
LOAD c:/program files (x86)/gnu tools arm embedded/5.4 2016q3/bin/../lib/gcc/arm-none-eabi/5.4.1/armv7e-m\libgcc.a
LOAD c:/program files (x86)/gnu tools arm embedded/5.4 2016q3/bin/../lib/gcc/arm-none-eabi/5.4.1/../../../../arm-none-eabi/lib/armv7e-m\libg.a
LOAD c:/program files (x86)/gnu tools arm embedded/5.4 2016q3/bin/../lib/gcc/arm-none-eabi/5.4.1/../../../../arm-none-eabi/lib/armv7e-m\libc.a
END GROUP
OUTPUT(Test_STM32F303.elf elf32-littlearm)

.debug_info     0x00000000     0xec1e
 .debug_info    0x00000000      0xb7e ..\obj\usb_core.o
 .debug_info    0x00000b7e       0xf2 ..\obj\startup_stm32f303.o
 .debug_info    0x00000c70      0xacc ..\obj\stm32f30x_rcc.o
 .debug_info    0x0000173c      0x9a5 ..\obj\stm32f3_discovery_lsm303dlhc.o
 .debug_info    0x000020e1      0x1ae ..\obj\usb_desc.o
 .debug_info    0x0000228f      0xc87 ..\obj\usb_regs.o
 .debug_info    0x00002f16      0x9e5 ..\obj\hw_config.o
 .debug_info    0x000038fb      0x90e ..\obj\usb_prop.o
 .debug_info    0x00004209      0x1bc ..\obj\stm32f30x_it.o
 .debug_info    0x000043c5      0x612 ..\obj\stm32f30x_gpio.o
 .debug_info    0x000049d7      0x2f5 ..\obj\usb_pwr.o
 .debug_info    0x00004ccc      0x454 ..\obj\usb_init.o
 .debug_info    0x00005120     0x21a3 ..\obj\main.o
 .debug_info    0x000072c3      0x3c4 ..\obj\stm32f30x_exti.o
 .debug_info    0x00007687      0xb7a ..\obj\stm32f30x_spi.o
 .debug_info    0x00008201      0xbe6 ..\obj\stm32f30x_i2c.o
 .debug_info    0x00008de7      0x186 ..\obj\usb_sil.o
 .debug_info    0x00008f6d      0x556 ..\obj\stm32f30x_misc.o
 .debug_info    0x000094c3     0x218c ..\obj\stm32f30x_tim.o
 .debug_info    0x0000b64f      0x7df ..\obj\stm32f3_discovery_l3gd20.o
 .debug_info    0x0000be2e      0x3ce ..\obj\stm32f30x_syscfg.o
 .debug_info    0x0000c1fc     0x12d7 ..\obj\BLDC_Control.o
 .debug_info    0x0000d4d3      0x887 ..\obj\stm32f3_discovery.o
 .debug_info    0x0000dd5a      0xec4 ..\obj\stm32f30x_usart.o

.debug_abbrev   0x00000000     0x2619
 .debug_abbrev  0x00000000      0x28d ..\obj\usb_core.o
 .debug_abbrev  0x0000028d       0xb0 ..\obj\startup_stm32f303.o
 .debug_abbrev  0x0000033d      0x1e5 ..\obj\stm32f30x_rcc.o
 .debug_abbrev  0x00000522      0x1a1 ..\obj\stm32f3_discovery_lsm303dlhc.o
 .debug_abbrev  0x000006c3       0x73 ..\obj\usb_desc.o
 .debug_abbrev  0x00000736      0x176 ..\obj\usb_regs.o
 .debug_abbrev  0x000008ac      0x280 ..\obj\hw_config.o
 .debug_abbrev  0x00000b2c      0x1fb ..\obj\usb_prop.o
 .debug_abbrev  0x00000d27       0xb9 ..\obj\stm32f30x_it.o
 .debug_abbrev  0x00000de0      0x198 ..\obj\stm32f30x_gpio.o
 .debug_abbrev  0x00000f78      0x131 ..\obj\usb_pwr.o
 .debug_abbrev  0x000010a9      0x120 ..\obj\usb_init.o
 .debug_abbrev  0x000011c9      0x34b ..\obj\main.o
 .debug_abbrev  0x00001514      0x17e ..\obj\stm32f30x_exti.o
 .debug_abbrev  0x00001692      0x18b ..\obj\stm32f30x_spi.o
 .debug_abbrev  0x0000181d      0x180 ..\obj\stm32f30x_i2c.o
 .debug_abbrev  0x0000199d       0xbb ..\obj\usb_sil.o
 .debug_abbrev  0x00001a58      0x147 ..\obj\stm32f30x_misc.o
 .debug_abbrev  0x00001b9f      0x189 ..\obj\stm32f30x_tim.o
 .debug_abbrev  0x00001d28      0x1bb ..\obj\stm32f3_discovery_l3gd20.o
 .debug_abbrev  0x00001ee3      0x183 ..\obj\stm32f30x_syscfg.o
 .debug_abbrev  0x00002066      0x2ca ..\obj\BLDC_Control.o
 .debug_abbrev  0x00002330      0x192 ..\obj\stm32f3_discovery.o
 .debug_abbrev  0x000024c2      0x157 ..\obj\stm32f30x_usart.o

.debug_aranges  0x00000000     0x1358
 .debug_aranges
                0x00000000       0xb0 ..\obj\usb_core.o
 .debug_aranges
                0x000000b0       0x28 ..\obj\startup_stm32f303.o
 .debug_aranges
                0x000000d8      0x150 ..\obj\stm32f30x_rcc.o
 .debug_aranges
                0x00000228       0x98 ..\obj\stm32f3_discovery_lsm303dlhc.o
 .debug_aranges
                0x000002c0       0x18 ..\obj\usb_desc.o
 .debug_aranges
                0x000002d8      0x1f0 ..\obj\usb_regs.o
 .debug_aranges
                0x000004c8       0x80 ..\obj\hw_config.o
 .debug_aranges
                0x00000548       0x98 ..\obj\usb_prop.o
 .debug_aranges
                0x000005e0       0x60 ..\obj\stm32f30x_it.o
 .debug_aranges
                0x00000640       0x80 ..\obj\stm32f30x_gpio.o
 .debug_aranges
                0x000006c0       0x40 ..\obj\usb_pwr.o
 .debug_aranges
                0x00000700       0x20 ..\obj\usb_init.o
 .debug_aranges
                0x00000720      0x190 ..\obj\main.o
 .debug_aranges
                0x000008b0       0x58 ..\obj\stm32f30x_exti.o
 .debug_aranges
                0x00000908      0x118 ..\obj\stm32f30x_spi.o
 .debug_aranges
                0x00000a20      0x168 ..\obj\stm32f30x_i2c.o
 .debug_aranges
                0x00000b88       0x30 ..\obj\usb_sil.o
 .debug_aranges
                0x00000bb8       0x40 ..\obj\stm32f30x_misc.o
 .debug_aranges
                0x00000bf8      0x3a8 ..\obj\stm32f30x_tim.o
 .debug_aranges
                0x00000fa0       0x78 ..\obj\stm32f3_discovery_l3gd20.o
 .debug_aranges
                0x00001018       0x88 ..\obj\stm32f30x_syscfg.o
 .debug_aranges
                0x000010a0       0xd0 ..\obj\BLDC_Control.o
 .debug_aranges
                0x00001170       0x48 ..\obj\stm32f3_discovery.o
 .debug_aranges
                0x000011b8      0x1a0 ..\obj\stm32f30x_usart.o

.debug_ranges   0x00000000     0x12a8
 .debug_ranges  0x00000000       0xa0 ..\obj\usb_core.o
 .debug_ranges  0x000000a0       0x18 ..\obj\startup_stm32f303.o
 .debug_ranges  0x000000b8      0x140 ..\obj\stm32f30x_rcc.o
 .debug_ranges  0x000001f8       0x88 ..\obj\stm32f3_discovery_lsm303dlhc.o
 .debug_ranges  0x00000280      0x2b8 ..\obj\usb_regs.o
 .debug_ranges  0x00000538       0x70 ..\obj\hw_config.o
 .debug_ranges  0x000005a8       0x88 ..\obj\usb_prop.o
 .debug_ranges  0x00000630       0x50 ..\obj\stm32f30x_it.o
 .debug_ranges  0x00000680       0x70 ..\obj\stm32f30x_gpio.o
 .debug_ranges  0x000006f0       0x30 ..\obj\usb_pwr.o
 .debug_ranges  0x00000720       0x10 ..\obj\usb_init.o
 .debug_ranges  0x00000730      0x180 ..\obj\main.o
 .debug_ranges  0x000008b0       0x48 ..\obj\stm32f30x_exti.o
 .debug_ranges  0x000008f8      0x108 ..\obj\stm32f30x_spi.o
 .debug_ranges  0x00000a00      0x158 ..\obj\stm32f30x_i2c.o
 .debug_ranges  0x00000b58       0x20 ..\obj\usb_sil.o
 .debug_ranges  0x00000b78       0x30 ..\obj\stm32f30x_misc.o
 .debug_ranges  0x00000ba8      0x398 ..\obj\stm32f30x_tim.o
 .debug_ranges  0x00000f40       0x68 ..\obj\stm32f3_discovery_l3gd20.o
 .debug_ranges  0x00000fa8       0x78 ..\obj\stm32f30x_syscfg.o
 .debug_ranges  0x00001020       0xc0 ..\obj\BLDC_Control.o
 .debug_ranges  0x000010e0       0x38 ..\obj\stm32f3_discovery.o
 .debug_ranges  0x00001118      0x190 ..\obj\stm32f30x_usart.o

.debug_line     0x00000000     0x71e2
 .debug_line    0x00000000      0x559 ..\obj\usb_core.o
 .debug_line    0x00000559       0xbe ..\obj\startup_stm32f303.o
 .debug_line    0x00000617      0x625 ..\obj\stm32f30x_rcc.o
 .debug_line    0x00000c3c      0x4c7 ..\obj\stm32f3_discovery_lsm303dlhc.o
 .debug_line    0x00001103      0x194 ..\obj\usb_desc.o
 .debug_line    0x00001297      0x7c5 ..\obj\usb_regs.o
 .debug_line    0x00001a5c      0x4bf ..\obj\hw_config.o
 .debug_line    0x00001f1b      0x396 ..\obj\usb_prop.o
 .debug_line    0x000022b1      0x24d ..\obj\stm32f30x_it.o
 .debug_line    0x000024fe      0x3bf ..\obj\stm32f30x_gpio.o
 .debug_line    0x000028bd      0x30e ..\obj\usb_pwr.o
 .debug_line    0x00002bcb      0x215 ..\obj\usb_init.o
 .debug_line    0x00002de0      0xbfe ..\obj\main.o
 .debug_line    0x000039de      0x33a ..\obj\stm32f30x_exti.o
 .debug_line    0x00003d18      0x589 ..\obj\stm32f30x_spi.o
 .debug_line    0x000042a1      0x604 ..\obj\stm32f30x_i2c.o
 .debug_line    0x000048a5      0x23b ..\obj\usb_sil.o
 .debug_line    0x00004ae0      0x2db ..\obj\stm32f30x_misc.o
 .debug_line    0x00004dbb      0xd2f ..\obj\stm32f30x_tim.o
 .debug_line    0x00005aea      0x3f5 ..\obj\stm32f3_discovery_l3gd20.o
 .debug_line    0x00005edf      0x324 ..\obj\stm32f30x_syscfg.o
 .debug_line    0x00006203      0x5f4 ..\obj\BLDC_Control.o
 .debug_line    0x000067f7      0x32a ..\obj\stm32f3_discovery.o
 .debug_line    0x00006b21      0x6c1 ..\obj\stm32f30x_usart.o

.debug_str      0x00000000     0x5f54
 .debug_str     0x00000000      0x8f9 ..\obj\usb_core.o
                                0xa81 (size before relaxing)
 .debug_str     0x000008f9       0xcd ..\obj\startup_stm32f303.o
                                0x164 (size before relaxing)
 .debug_str     0x000009c6      0x666 ..\obj\stm32f30x_rcc.o
                                0x816 (size before relaxing)
 .debug_str     0x0000102c      0x77c ..\obj\stm32f3_discovery_lsm303dlhc.o
                                0x927 (size before relaxing)
 .debug_str     0x000017a8       0xf7 ..\obj\usb_desc.o
                                0x231 (size before relaxing)
 .debug_str     0x0000189f      0x41f ..\obj\usb_regs.o
                                0x59d (size before relaxing)
 .debug_str     0x00001cbe      0x6d2 ..\obj\hw_config.o
                                0xc3e (size before relaxing)
 .debug_str     0x00002390      0x28c ..\obj\usb_prop.o
                                0xa36 (size before relaxing)
 .debug_str     0x0000261c      0x193 ..\obj\stm32f30x_it.o
                                0x2f3 (size before relaxing)
 .debug_str     0x000027af      0x1a5 ..\obj\stm32f30x_gpio.o
                                0x4ba (size before relaxing)
 .debug_str     0x00002954      0x135 ..\obj\usb_pwr.o
                                0x36a (size before relaxing)
 .debug_str     0x00002a89       0x77 ..\obj\usb_init.o
                                0x555 (size before relaxing)
 .debug_str     0x00002b00      0xbbd ..\obj\main.o
                               0x18d6 (size before relaxing)
 .debug_str     0x000036bd      0x142 ..\obj\stm32f30x_exti.o
                                0x3a2 (size before relaxing)
 .debug_str     0x000037ff      0x495 ..\obj\stm32f30x_spi.o
                                0x7e9 (size before relaxing)
 .debug_str     0x00003c94      0x3e6 ..\obj\stm32f30x_i2c.o
                                0x66f (size before relaxing)
 .debug_str     0x0000407a       0xb1 ..\obj\usb_sil.o
                                0x223 (size before relaxing)
 .debug_str     0x0000412b      0x121 ..\obj\stm32f30x_misc.o
                                0x3f0 (size before relaxing)
 .debug_str     0x0000424c      0xc39 ..\obj\stm32f30x_tim.o
                                0xf99 (size before relaxing)
 .debug_str     0x00004e85      0x238 ..\obj\stm32f3_discovery_l3gd20.o
                                0x73b (size before relaxing)
 .debug_str     0x000050bd      0x28b ..\obj\stm32f30x_syscfg.o
                                0x422 (size before relaxing)
 .debug_str     0x00005348      0x3ea ..\obj\BLDC_Control.o
                                0xfdf (size before relaxing)
 .debug_str     0x00005732      0x1a7 ..\obj\stm32f3_discovery.o
                                0xa97 (size before relaxing)
 .debug_str     0x000058d9      0x67b ..\obj\stm32f30x_usart.o
                                0xa21 (size before relaxing)

.comment        0x00000000       0x6e
 .comment       0x00000000       0x6e ..\obj\usb_core.o
                                 0x6f (size before relaxing)
 .comment       0x0000006e       0x6f ..\obj\startup_stm32f303.o
 .comment       0x0000006e       0x6f ..\obj\stm32f30x_rcc.o
 .comment       0x0000006e       0x6f ..\obj\stm32f3_discovery_lsm303dlhc.o
 .comment       0x0000006e       0x6f ..\obj\usb_desc.o
 .comment       0x0000006e       0x6f ..\obj\usb_regs.o
 .comment       0x0000006e       0x6f ..\obj\hw_config.o
 .comment       0x0000006e       0x6f ..\obj\usb_prop.o
 .comment       0x0000006e       0x6f ..\obj\stm32f30x_it.o
 .comment       0x0000006e       0x6f ..\obj\stm32f30x_gpio.o
 .comment       0x0000006e       0x6f ..\obj\usb_pwr.o
 .comment       0x0000006e       0x6f ..\obj\usb_init.o
 .comment       0x0000006e       0x6f ..\obj\main.o
 .comment       0x0000006e       0x6f ..\obj\stm32f30x_exti.o
 .comment       0x0000006e       0x6f ..\obj\stm32f30x_spi.o
 .comment       0x0000006e       0x6f ..\obj\stm32f30x_i2c.o
 .comment       0x0000006e       0x6f ..\obj\usb_sil.o
 .comment       0x0000006e       0x6f ..\obj\stm32f30x_misc.o
 .comment       0x0000006e       0x6f ..\obj\stm32f30x_tim.o
 .comment       0x0000006e       0x6f ..\obj\stm32f3_discovery_l3gd20.o
 .comment       0x0000006e       0x6f ..\obj\stm32f30x_syscfg.o
 .comment       0x0000006e       0x6f ..\obj\BLDC_Control.o
 .comment       0x0000006e       0x6f ..\obj\stm32f3_discovery.o
 .comment       0x0000006e       0x6f ..\obj\stm32f30x_usart.o

.ARM.attributes
                0x00000000       0x33
 .ARM.attributes
                0x00000000       0x33 ..\obj\usb_core.o
 .ARM.attributes
                0x00000033       0x33 ..\obj\startup_stm32f303.o
 .ARM.attributes
                0x00000066       0x33 ..\obj\stm32f30x_rcc.o
 .ARM.attributes
                0x00000099       0x33 ..\obj\stm32f3_discovery_lsm303dlhc.o
 .ARM.attributes
                0x000000cc       0x33 ..\obj\usb_desc.o
 .ARM.attributes
                0x000000ff       0x33 ..\obj\usb_regs.o
 .ARM.attributes
                0x00000132       0x33 ..\obj\hw_config.o
 .ARM.attributes
                0x00000165       0x33 ..\obj\usb_prop.o
 .ARM.attributes
                0x00000198       0x33 ..\obj\stm32f30x_it.o
 .ARM.attributes
                0x000001cb       0x33 ..\obj\stm32f30x_gpio.o
 .ARM.attributes
                0x000001fe       0x33 ..\obj\usb_pwr.o
 .ARM.attributes
                0x00000231       0x33 ..\obj\usb_init.o
 .ARM.attributes
                0x00000264       0x33 ..\obj\main.o
 .ARM.attributes
                0x00000297       0x33 ..\obj\stm32f30x_exti.o
 .ARM.attributes
                0x000002ca       0x33 ..\obj\stm32f30x_spi.o
 .ARM.attributes
                0x000002fd       0x33 ..\obj\stm32f30x_i2c.o
 .ARM.attributes
                0x00000330       0x33 ..\obj\usb_sil.o
 .ARM.attributes
                0x00000363       0x33 ..\obj\stm32f30x_misc.o
 .ARM.attributes
                0x00000396       0x33 ..\obj\stm32f30x_tim.o
 .ARM.attributes
                0x000003c9       0x33 ..\obj\stm32f3_discovery_l3gd20.o
 .ARM.attributes
                0x000003fc       0x33 ..\obj\stm32f30x_syscfg.o
 .ARM.attributes
                0x0000042f       0x33 ..\obj\BLDC_Control.o
 .ARM.attributes
                0x00000462       0x33 ..\obj\stm32f3_discovery.o
 .ARM.attributes
                0x00000495       0x33 ..\obj\stm32f30x_usart.o
 .ARM.attributes
                0x000004c8       0x2e c:/program files (x86)/gnu tools arm embedded/5.4 2016q3/bin/../lib/gcc/arm-none-eabi/5.4.1/../../../../arm-none-eabi/lib/armv7e-m\libm.a(lib_a-wf_atan2.o)
 .ARM.attributes
                0x000004f6       0x2e c:/program files (x86)/gnu tools arm embedded/5.4 2016q3/bin/../lib/gcc/arm-none-eabi/5.4.1/../../../../arm-none-eabi/lib/armv7e-m\libm.a(lib_a-ef_atan2.o)
 .ARM.attributes
                0x00000524       0x2e c:/program files (x86)/gnu tools arm embedded/5.4 2016q3/bin/../lib/gcc/arm-none-eabi/5.4.1/../../../../arm-none-eabi/lib/armv7e-m\libm.a(lib_a-sf_atan.o)
 .ARM.attributes
                0x00000552       0x2e c:/program files (x86)/gnu tools arm embedded/5.4 2016q3/bin/../lib/gcc/arm-none-eabi/5.4.1/../../../../arm-none-eabi/lib/armv7e-m\libm.a(lib_a-sf_fabs.o)
 .ARM.attributes
                0x00000580       0x1e c:/program files (x86)/gnu tools arm embedded/5.4 2016q3/bin/../lib/gcc/arm-none-eabi/5.4.1/armv7e-m\libgcc.a(_arm_addsubdf3.o)
 .ARM.attributes
                0x0000059e       0x1e c:/program files (x86)/gnu tools arm embedded/5.4 2016q3/bin/../lib/gcc/arm-none-eabi/5.4.1/armv7e-m\libgcc.a(_arm_muldivdf3.o)
 .ARM.attributes
                0x000005bc       0x1e c:/program files (x86)/gnu tools arm embedded/5.4 2016q3/bin/../lib/gcc/arm-none-eabi/5.4.1/armv7e-m\libgcc.a(_arm_fixdfsi.o)
 .ARM.attributes
                0x000005da       0x1e c:/program files (x86)/gnu tools arm embedded/5.4 2016q3/bin/../lib/gcc/arm-none-eabi/5.4.1/armv7e-m\libgcc.a(_arm_addsubsf3.o)
 .ARM.attributes
                0x000005f8       0x1e c:/program files (x86)/gnu tools arm embedded/5.4 2016q3/bin/../lib/gcc/arm-none-eabi/5.4.1/armv7e-m\libgcc.a(_arm_muldivsf3.o)
 .ARM.attributes
                0x00000616       0x1e c:/program files (x86)/gnu tools arm embedded/5.4 2016q3/bin/../lib/gcc/arm-none-eabi/5.4.1/armv7e-m\libgcc.a(_arm_cmpsf2.o)
 .ARM.attributes
                0x00000634       0x1e c:/program files (x86)/gnu tools arm embedded/5.4 2016q3/bin/../lib/gcc/arm-none-eabi/5.4.1/armv7e-m\libgcc.a(_arm_fixsfsi.o)
 .ARM.attributes
                0x00000652       0x1e c:/program files (x86)/gnu tools arm embedded/5.4 2016q3/bin/../lib/gcc/arm-none-eabi/5.4.1/armv7e-m\libgcc.a(_arm_fixunssfsi.o)

.debug_frame    0x00000000     0x53c0
 .debug_frame   0x00000000      0x2b8 ..\obj\usb_core.o
 .debug_frame   0x000002b8       0x4c ..\obj\startup_stm32f303.o
 .debug_frame   0x00000304      0x60c ..\obj\stm32f30x_rcc.o
 .debug_frame   0x00000910      0x258 ..\obj\stm32f3_discovery_lsm303dlhc.o
 .debug_frame   0x00000b68      0x91c ..\obj\usb_regs.o
 .debug_frame   0x00001484      0x1d8 ..\obj\hw_config.o
 .debug_frame   0x0000165c      0x244 ..\obj\usb_prop.o
 .debug_frame   0x000018a0      0x10c ..\obj\stm32f30x_it.o
 .debug_frame   0x000019ac      0x214 ..\obj\stm32f30x_gpio.o
 .debug_frame   0x00001bc0       0xbc ..\obj\usb_pwr.o
 .debug_frame   0x00001c7c       0x2c ..\obj\usb_init.o
 .debug_frame   0x00001ca8      0x66c ..\obj\main.o
 .debug_frame   0x00002314      0x148 ..\obj\stm32f30x_exti.o
 .debug_frame   0x0000245c      0x508 ..\obj\stm32f30x_spi.o
 .debug_frame   0x00002964      0x69c ..\obj\stm32f30x_i2c.o
 .debug_frame   0x00003000       0x78 ..\obj\usb_sil.o
 .debug_frame   0x00003078       0xd8 ..\obj\stm32f30x_misc.o
 .debug_frame   0x00003150     0x11c4 ..\obj\stm32f30x_tim.o
 .debug_frame   0x00004314      0x1c0 ..\obj\stm32f3_discovery_l3gd20.o
 .debug_frame   0x000044d4      0x230 ..\obj\stm32f30x_syscfg.o
 .debug_frame   0x00004704      0x36c ..\obj\BLDC_Control.o
 .debug_frame   0x00004a70       0xf4 ..\obj\stm32f3_discovery.o
 .debug_frame   0x00004b64      0x7b0 ..\obj\stm32f30x_usart.o
 .debug_frame   0x00005314       0x20 c:/program files (x86)/gnu tools arm embedded/5.4 2016q3/bin/../lib/gcc/arm-none-eabi/5.4.1/../../../../arm-none-eabi/lib/armv7e-m\libm.a(lib_a-wf_atan2.o)
 .debug_frame   0x00005334       0x3c c:/program files (x86)/gnu tools arm embedded/5.4 2016q3/bin/../lib/gcc/arm-none-eabi/5.4.1/../../../../arm-none-eabi/lib/armv7e-m\libm.a(lib_a-ef_atan2.o)
 .debug_frame   0x00005370       0x30 c:/program files (x86)/gnu tools arm embedded/5.4 2016q3/bin/../lib/gcc/arm-none-eabi/5.4.1/../../../../arm-none-eabi/lib/armv7e-m\libm.a(lib_a-sf_atan.o)
 .debug_frame   0x000053a0       0x20 c:/program files (x86)/gnu tools arm embedded/5.4 2016q3/bin/../lib/gcc/arm-none-eabi/5.4.1/../../../../arm-none-eabi/lib/armv7e-m\libm.a(lib_a-sf_fabs.o)
